INFO: [VRFC 10-2263] Analyzing Verilog file "C:/RISC_V_research/RISC_V/RISC_V.ip_user_files/bd/RISC_V_block/ip/RISC_V_block_axi_bram_ctrl_0_bram_0/sim/RISC_V_block_axi_bram_ctrl_0_bram_0.v" into library xil_defaultlib
INFO: [VRFC 10-311] analyzing module RISC_V_block_axi_bram_ctrl_0_bram_0
INFO: [VRFC 10-2263] Analyzing Verilog file "C:/RISC_V_research/RISC_V/RISC_V.ip_user_files/bd/RISC_V_block/ip/RISC_V_block_axi_bram_ctrl_1_bram_0/sim/RISC_V_block_axi_bram_ctrl_1_bram_0.v" into library xil_defaultlib
INFO: [VRFC 10-311] analyzing module RISC_V_block_axi_bram_ctrl_1_bram_0
INFO: [VRFC 10-2263] Analyzing Verilog file "C:/RISC_V_research/RISC_V/RISC_V.ip_user_files/bd/RISC_V_block/ip/RISC_V_block_clk_wiz_0_0/RISC_V_block_clk_wiz_0_0_clk_wiz.v" into library xil_defaultlib
INFO: [VRFC 10-311] analyzing module RISC_V_block_clk_wiz_0_0_clk_wiz
INFO: [VRFC 10-2263] Analyzing Verilog file "C:/RISC_V_research/RISC_V/RISC_V.ip_user_files/bd/RISC_V_block/ip/RISC_V_block_clk_wiz_0_0/RISC_V_block_clk_wiz_0_0.v" into library xil_defaultlib
INFO: [VRFC 10-311] analyzing module RISC_V_block_clk_wiz_0_0
INFO: [VRFC 10-2263] Analyzing SystemVerilog file "C:/RISC_V_research/RISC_V/RISC_V.ip_user_files/bd/RISC_V_block/ip/RISC_V_block_smartconnect_0_0/bd_0/ip/ip_2/sim/bd_7a1f_arsw_0.sv" into library xil_defaultlib
INFO: [VRFC 10-311] analyzing module bd_7a1f_arsw_0
INFO: [VRFC 10-2263] Analyzing SystemVerilog file "C:/RISC_V_research/RISC_V/RISC_V.ip_user_files/bd/RISC_V_block/ip/RISC_V_block_smartconnect_0_0/bd_0/ip/ip_3/sim/bd_7a1f_rsw_0.sv" into library xil_defaultlib
INFO: [VRFC 10-311] analyzing module bd_7a1f_rsw_0
INFO: [VRFC 10-2263] Analyzing SystemVerilog file "C:/RISC_V_research/RISC_V/RISC_V.ip_user_files/bd/RISC_V_block/ip/RISC_V_block_smartconnect_0_0/bd_0/ip/ip_4/sim/bd_7a1f_awsw_0.sv" into library xil_defaultlib
INFO: [VRFC 10-311] analyzing module bd_7a1f_awsw_0
INFO: [VRFC 10-2263] Analyzing SystemVerilog file "C:/RISC_V_research/RISC_V/RISC_V.ip_user_files/bd/RISC_V_block/ip/RISC_V_block_smartconnect_0_0/bd_0/ip/ip_5/sim/bd_7a1f_wsw_0.sv" into library xil_defaultlib
INFO: [VRFC 10-311] analyzing module bd_7a1f_wsw_0
INFO: [VRFC 10-2263] Analyzing SystemVerilog file "C:/RISC_V_research/RISC_V/RISC_V.ip_user_files/bd/RISC_V_block/ip/RISC_V_block_smartconnect_0_0/bd_0/ip/ip_6/sim/bd_7a1f_bsw_0.sv" into library xil_defaultlib
INFO: [VRFC 10-311] analyzing module bd_7a1f_bsw_0
INFO: [VRFC 10-2263] Analyzing SystemVerilog file "C:/RISC_V_research/RISC_V/RISC_V.ip_user_files/bd/RISC_V_block/ip/RISC_V_block_smartconnect_0_0/bd_0/ip/ip_7/sim/bd_7a1f_s00mmu_0.sv" into library xil_defaultlib
INFO: [VRFC 10-311] analyzing module bd_7a1f_s00mmu_0
INFO: [VRFC 10-2263] Analyzing SystemVerilog file "C:/RISC_V_research/RISC_V/RISC_V.ip_user_files/bd/RISC_V_block/ip/RISC_V_block_smartconnect_0_0/bd_0/ip/ip_8/sim/bd_7a1f_s00tr_0.sv" into library xil_defaultlib
INFO: [VRFC 10-311] analyzing module bd_7a1f_s00tr_0
INFO: [VRFC 10-2263] Analyzing SystemVerilog file "C:/RISC_V_research/RISC_V/RISC_V.ip_user_files/bd/RISC_V_block/ip/RISC_V_block_smartconnect_0_0/bd_0/ip/ip_9/sim/bd_7a1f_s00sic_0.sv" into library xil_defaultlib
INFO: [VRFC 10-311] analyzing module bd_7a1f_s00sic_0
INFO: [VRFC 10-2263] Analyzing SystemVerilog file "C:/RISC_V_research/RISC_V/RISC_V.ip_user_files/bd/RISC_V_block/ip/RISC_V_block_smartconnect_0_0/bd_0/ip/ip_10/sim/bd_7a1f_s00a2s_0.sv" into library xil_defaultlib
INFO: [VRFC 10-311] analyzing module bd_7a1f_s00a2s_0
INFO: [VRFC 10-2263] Analyzing SystemVerilog file "C:/RISC_V_research/RISC_V/RISC_V.ip_user_files/bd/RISC_V_block/ip/RISC_V_block_smartconnect_0_0/bd_0/ip/ip_11/sim/bd_7a1f_sarn_0.sv" into library xil_defaultlib
INFO: [VRFC 10-311] analyzing module bd_7a1f_sarn_0
INFO: [VRFC 10-2263] Analyzing SystemVerilog file "C:/RISC_V_research/RISC_V/RISC_V.ip_user_files/bd/RISC_V_block/ip/RISC_V_block_smartconnect_0_0/bd_0/ip/ip_12/sim/bd_7a1f_srn_0.sv" into library xil_defaultlib
INFO: [VRFC 10-311] analyzing module bd_7a1f_srn_0
INFO: [VRFC 10-2263] Analyzing SystemVerilog file "C:/RISC_V_research/RISC_V/RISC_V.ip_user_files/bd/RISC_V_block/ip/RISC_V_block_smartconnect_0_0/bd_0/ip/ip_13/sim/bd_7a1f_s01mmu_0.sv" into library xil_defaultlib
INFO: [VRFC 10-311] analyzing module bd_7a1f_s01mmu_0
INFO: [VRFC 10-2263] Analyzing SystemVerilog file "C:/RISC_V_research/RISC_V/RISC_V.ip_user_files/bd/RISC_V_block/ip/RISC_V_block_smartconnect_0_0/bd_0/ip/ip_14/sim/bd_7a1f_s01tr_0.sv" into library xil_defaultlib
INFO: [VRFC 10-311] analyzing module bd_7a1f_s01tr_0
INFO: [VRFC 10-2263] Analyzing SystemVerilog file "C:/RISC_V_research/RISC_V/RISC_V.ip_user_files/bd/RISC_V_block/ip/RISC_V_block_smartconnect_0_0/bd_0/ip/ip_15/sim/bd_7a1f_s01sic_0.sv" into library xil_defaultlib
INFO: [VRFC 10-311] analyzing module bd_7a1f_s01sic_0
INFO: [VRFC 10-2263] Analyzing SystemVerilog file "C:/RISC_V_research/RISC_V/RISC_V.ip_user_files/bd/RISC_V_block/ip/RISC_V_block_smartconnect_0_0/bd_0/ip/ip_16/sim/bd_7a1f_s01a2s_0.sv" into library xil_defaultlib
INFO: [VRFC 10-311] analyzing module bd_7a1f_s01a2s_0
INFO: [VRFC 10-2263] Analyzing SystemVerilog file "C:/RISC_V_research/RISC_V/RISC_V.ip_user_files/bd/RISC_V_block/ip/RISC_V_block_smartconnect_0_0/bd_0/ip/ip_17/sim/bd_7a1f_sarn_1.sv" into library xil_defaultlib
INFO: [VRFC 10-311] analyzing module bd_7a1f_sarn_1
INFO: [VRFC 10-2263] Analyzing SystemVerilog file "C:/RISC_V_research/RISC_V/RISC_V.ip_user_files/bd/RISC_V_block/ip/RISC_V_block_smartconnect_0_0/bd_0/ip/ip_18/sim/bd_7a1f_srn_1.sv" into library xil_defaultlib
INFO: [VRFC 10-311] analyzing module bd_7a1f_srn_1
INFO: [VRFC 10-2263] Analyzing SystemVerilog file "C:/RISC_V_research/RISC_V/RISC_V.ip_user_files/bd/RISC_V_block/ip/RISC_V_block_smartconnect_0_0/bd_0/ip/ip_19/sim/bd_7a1f_sawn_0.sv" into library xil_defaultlib
INFO: [VRFC 10-311] analyzing module bd_7a1f_sawn_0
INFO: [VRFC 10-2263] Analyzing SystemVerilog file "C:/RISC_V_research/RISC_V/RISC_V.ip_user_files/bd/RISC_V_block/ip/RISC_V_block_smartconnect_0_0/bd_0/ip/ip_20/sim/bd_7a1f_swn_0.sv" into library xil_defaultlib
INFO: [VRFC 10-311] analyzing module bd_7a1f_swn_0
INFO: [VRFC 10-2263] Analyzing SystemVerilog file "C:/RISC_V_research/RISC_V/RISC_V.ip_user_files/bd/RISC_V_block/ip/RISC_V_block_smartconnect_0_0/bd_0/ip/ip_21/sim/bd_7a1f_sbn_0.sv" into library xil_defaultlib
INFO: [VRFC 10-311] analyzing module bd_7a1f_sbn_0
INFO: [VRFC 10-2263] Analyzing SystemVerilog file "C:/RISC_V_research/RISC_V/RISC_V.ip_user_files/bd/RISC_V_block/ip/RISC_V_block_smartconnect_0_0/bd_0/ip/ip_22/sim/bd_7a1f_m00s2a_0.sv" into library xil_defaultlib
INFO: [VRFC 10-311] analyzing module bd_7a1f_m00s2a_0
INFO: [VRFC 10-2263] Analyzing SystemVerilog file "C:/RISC_V_research/RISC_V/RISC_V.ip_user_files/bd/RISC_V_block/ip/RISC_V_block_smartconnect_0_0/bd_0/ip/ip_23/sim/bd_7a1f_m00arn_0.sv" into library xil_defaultlib
INFO: [VRFC 10-311] analyzing module bd_7a1f_m00arn_0
INFO: [VRFC 10-2263] Analyzing SystemVerilog file "C:/RISC_V_research/RISC_V/RISC_V.ip_user_files/bd/RISC_V_block/ip/RISC_V_block_smartconnect_0_0/bd_0/ip/ip_24/sim/bd_7a1f_m00rn_0.sv" into library xil_defaultlib
INFO: [VRFC 10-311] analyzing module bd_7a1f_m00rn_0
INFO: [VRFC 10-2263] Analyzing SystemVerilog file "C:/RISC_V_research/RISC_V/RISC_V.ip_user_files/bd/RISC_V_block/ip/RISC_V_block_smartconnect_0_0/bd_0/ip/ip_25/sim/bd_7a1f_m00awn_0.sv" into library xil_defaultlib
INFO: [VRFC 10-311] analyzing module bd_7a1f_m00awn_0
INFO: [VRFC 10-2263] Analyzing SystemVerilog file "C:/RISC_V_research/RISC_V/RISC_V.ip_user_files/bd/RISC_V_block/ip/RISC_V_block_smartconnect_0_0/bd_0/ip/ip_26/sim/bd_7a1f_m00wn_0.sv" into library xil_defaultlib
INFO: [VRFC 10-311] analyzing module bd_7a1f_m00wn_0
INFO: [VRFC 10-2263] Analyzing SystemVerilog file "C:/RISC_V_research/RISC_V/RISC_V.ip_user_files/bd/RISC_V_block/ip/RISC_V_block_smartconnect_0_0/bd_0/ip/ip_27/sim/bd_7a1f_m00bn_0.sv" into library xil_defaultlib
INFO: [VRFC 10-311] analyzing module bd_7a1f_m00bn_0
INFO: [VRFC 10-2263] Analyzing SystemVerilog file "C:/RISC_V_research/RISC_V/RISC_V.ip_user_files/bd/RISC_V_block/ip/RISC_V_block_smartconnect_0_0/bd_0/ip/ip_28/sim/bd_7a1f_m00e_0.sv" into library xil_defaultlib
INFO: [VRFC 10-311] analyzing module bd_7a1f_m00e_0
INFO: [VRFC 10-2263] Analyzing SystemVerilog file "C:/RISC_V_research/RISC_V/RISC_V.ip_user_files/bd/RISC_V_block/ip/RISC_V_block_smartconnect_0_0/bd_0/ip/ip_29/sim/bd_7a1f_m01s2a_0.sv" into library xil_defaultlib
INFO: [VRFC 10-311] analyzing module bd_7a1f_m01s2a_0
INFO: [VRFC 10-2263] Analyzing SystemVerilog file "C:/RISC_V_research/RISC_V/RISC_V.ip_user_files/bd/RISC_V_block/ip/RISC_V_block_smartconnect_0_0/bd_0/ip/ip_30/sim/bd_7a1f_m01arn_0.sv" into library xil_defaultlib
INFO: [VRFC 10-311] analyzing module bd_7a1f_m01arn_0
INFO: [VRFC 10-2263] Analyzing SystemVerilog file "C:/RISC_V_research/RISC_V/RISC_V.ip_user_files/bd/RISC_V_block/ip/RISC_V_block_smartconnect_0_0/bd_0/ip/ip_31/sim/bd_7a1f_m01rn_0.sv" into library xil_defaultlib
INFO: [VRFC 10-311] analyzing module bd_7a1f_m01rn_0
INFO: [VRFC 10-2263] Analyzing SystemVerilog file "C:/RISC_V_research/RISC_V/RISC_V.ip_user_files/bd/RISC_V_block/ip/RISC_V_block_smartconnect_0_0/bd_0/ip/ip_32/sim/bd_7a1f_m01awn_0.sv" into library xil_defaultlib
INFO: [VRFC 10-311] analyzing module bd_7a1f_m01awn_0
INFO: [VRFC 10-2263] Analyzing SystemVerilog file "C:/RISC_V_research/RISC_V/RISC_V.ip_user_files/bd/RISC_V_block/ip/RISC_V_block_smartconnect_0_0/bd_0/ip/ip_33/sim/bd_7a1f_m01wn_0.sv" into library xil_defaultlib
INFO: [VRFC 10-311] analyzing module bd_7a1f_m01wn_0
INFO: [VRFC 10-2263] Analyzing SystemVerilog file "C:/RISC_V_research/RISC_V/RISC_V.ip_user_files/bd/RISC_V_block/ip/RISC_V_block_smartconnect_0_0/bd_0/ip/ip_34/sim/bd_7a1f_m01bn_0.sv" into library xil_defaultlib
INFO: [VRFC 10-311] analyzing module bd_7a1f_m01bn_0
INFO: [VRFC 10-2263] Analyzing SystemVerilog file "C:/RISC_V_research/RISC_V/RISC_V.ip_user_files/bd/RISC_V_block/ip/RISC_V_block_smartconnect_0_0/bd_0/ip/ip_35/sim/bd_7a1f_m01e_0.sv" into library xil_defaultlib
INFO: [VRFC 10-311] analyzing module bd_7a1f_m01e_0
INFO: [VRFC 10-2263] Analyzing SystemVerilog file "C:/RISC_V_research/RISC_V/RISC_V.ip_user_files/bd/RISC_V_block/ip/RISC_V_block_smartconnect_0_0/bd_0/ip/ip_36/sim/bd_7a1f_m02s2a_0.sv" into library xil_defaultlib
INFO: [VRFC 10-311] analyzing module bd_7a1f_m02s2a_0
INFO: [VRFC 10-2263] Analyzing SystemVerilog file "C:/RISC_V_research/RISC_V/RISC_V.ip_user_files/bd/RISC_V_block/ip/RISC_V_block_smartconnect_0_0/bd_0/ip/ip_37/sim/bd_7a1f_m02arn_0.sv" into library xil_defaultlib
INFO: [VRFC 10-311] analyzing module bd_7a1f_m02arn_0
INFO: [VRFC 10-2263] Analyzing SystemVerilog file "C:/RISC_V_research/RISC_V/RISC_V.ip_user_files/bd/RISC_V_block/ip/RISC_V_block_smartconnect_0_0/bd_0/ip/ip_38/sim/bd_7a1f_m02rn_0.sv" into library xil_defaultlib
INFO: [VRFC 10-311] analyzing module bd_7a1f_m02rn_0
INFO: [VRFC 10-2263] Analyzing SystemVerilog file "C:/RISC_V_research/RISC_V/RISC_V.ip_user_files/bd/RISC_V_block/ip/RISC_V_block_smartconnect_0_0/bd_0/ip/ip_39/sim/bd_7a1f_m02awn_0.sv" into library xil_defaultlib
INFO: [VRFC 10-311] analyzing module bd_7a1f_m02awn_0
INFO: [VRFC 10-2263] Analyzing SystemVerilog file "C:/RISC_V_research/RISC_V/RISC_V.ip_user_files/bd/RISC_V_block/ip/RISC_V_block_smartconnect_0_0/bd_0/ip/ip_40/sim/bd_7a1f_m02wn_0.sv" into library xil_defaultlib
INFO: [VRFC 10-311] analyzing module bd_7a1f_m02wn_0
INFO: [VRFC 10-2263] Analyzing SystemVerilog file "C:/RISC_V_research/RISC_V/RISC_V.ip_user_files/bd/RISC_V_block/ip/RISC_V_block_smartconnect_0_0/bd_0/ip/ip_41/sim/bd_7a1f_m02bn_0.sv" into library xil_defaultlib
INFO: [VRFC 10-311] analyzing module bd_7a1f_m02bn_0
INFO: [VRFC 10-2263] Analyzing SystemVerilog file "C:/RISC_V_research/RISC_V/RISC_V.ip_user_files/bd/RISC_V_block/ip/RISC_V_block_smartconnect_0_0/bd_0/ip/ip_42/sim/bd_7a1f_m02e_0.sv" into library xil_defaultlib
INFO: [VRFC 10-311] analyzing module bd_7a1f_m02e_0
INFO: [VRFC 10-2263] Analyzing SystemVerilog file "C:/RISC_V_research/RISC_V/RISC_V.ip_user_files/bd/RISC_V_block/ip/RISC_V_block_smartconnect_0_0/bd_0/ip/ip_43/sim/bd_7a1f_m03s2a_0.sv" into library xil_defaultlib
INFO: [VRFC 10-311] analyzing module bd_7a1f_m03s2a_0
INFO: [VRFC 10-2263] Analyzing SystemVerilog file "C:/RISC_V_research/RISC_V/RISC_V.ip_user_files/bd/RISC_V_block/ip/RISC_V_block_smartconnect_0_0/bd_0/ip/ip_44/sim/bd_7a1f_m03arn_0.sv" into library xil_defaultlib
INFO: [VRFC 10-311] analyzing module bd_7a1f_m03arn_0
INFO: [VRFC 10-2263] Analyzing SystemVerilog file "C:/RISC_V_research/RISC_V/RISC_V.ip_user_files/bd/RISC_V_block/ip/RISC_V_block_smartconnect_0_0/bd_0/ip/ip_45/sim/bd_7a1f_m03rn_0.sv" into library xil_defaultlib
INFO: [VRFC 10-311] analyzing module bd_7a1f_m03rn_0
INFO: [VRFC 10-2263] Analyzing SystemVerilog file "C:/RISC_V_research/RISC_V/RISC_V.ip_user_files/bd/RISC_V_block/ip/RISC_V_block_smartconnect_0_0/bd_0/ip/ip_46/sim/bd_7a1f_m03awn_0.sv" into library xil_defaultlib
INFO: [VRFC 10-311] analyzing module bd_7a1f_m03awn_0
INFO: [VRFC 10-2263] Analyzing SystemVerilog file "C:/RISC_V_research/RISC_V/RISC_V.ip_user_files/bd/RISC_V_block/ip/RISC_V_block_smartconnect_0_0/bd_0/ip/ip_47/sim/bd_7a1f_m03wn_0.sv" into library xil_defaultlib
INFO: [VRFC 10-311] analyzing module bd_7a1f_m03wn_0
INFO: [VRFC 10-2263] Analyzing SystemVerilog file "C:/RISC_V_research/RISC_V/RISC_V.ip_user_files/bd/RISC_V_block/ip/RISC_V_block_smartconnect_0_0/bd_0/ip/ip_48/sim/bd_7a1f_m03bn_0.sv" into library xil_defaultlib
INFO: [VRFC 10-311] analyzing module bd_7a1f_m03bn_0
INFO: [VRFC 10-2263] Analyzing SystemVerilog file "C:/RISC_V_research/RISC_V/RISC_V.ip_user_files/bd/RISC_V_block/ip/RISC_V_block_smartconnect_0_0/bd_0/ip/ip_49/sim/bd_7a1f_m03e_0.sv" into library xil_defaultlib
INFO: [VRFC 10-311] analyzing module bd_7a1f_m03e_0
INFO: [VRFC 10-2263] Analyzing Verilog file "C:/RISC_V_research/RISC_V/RISC_V.ip_user_files/bd/RISC_V_block/ip/RISC_V_block_smartconnect_0_0/bd_0/sim/bd_7a1f.v" into library xil_defaultlib
INFO: [VRFC 10-311] analyzing module bd_7a1f
INFO: [VRFC 10-311] analyzing module clk_map_imp_UH5CIY
INFO: [VRFC 10-311] analyzing module m00_exit_pipeline_imp_15H2BN5
INFO: [VRFC 10-311] analyzing module m00_nodes_imp_1IQS4T9
INFO: [VRFC 10-311] analyzing module m01_exit_pipeline_imp_105QCVL
INFO: [VRFC 10-311] analyzing module m01_nodes_imp_OHMII3
INFO: [VRFC 10-311] analyzing module m02_exit_pipeline_imp_1FXI4TT
INFO: [VRFC 10-311] analyzing module m02_nodes_imp_A0XHBK
INFO: [VRFC 10-311] analyzing module m03_exit_pipeline_imp_1BQ3U41
INFO: [VRFC 10-311] analyzing module m03_nodes_imp_1FDPAX2
INFO: [VRFC 10-311] analyzing module s00_entry_pipeline_imp_66W4FM
INFO: [VRFC 10-311] analyzing module s00_nodes_imp_132C88
INFO: [VRFC 10-311] analyzing module s01_entry_pipeline_imp_135SQLI
INFO: [VRFC 10-311] analyzing module s01_nodes_imp_1838272
INFO: [VRFC 10-311] analyzing module switchboards_imp_SW0Y2K
INFO: [VRFC 10-2263] Analyzing SystemVerilog file "C:/RISC_V_research/RISC_V/RISC_V.ip_user_files/bd/RISC_V_block/ip/RISC_V_block_smartconnect_0_0/sim/RISC_V_block_smartconnect_0_0.sv" into library xil_defaultlib
INFO: [VRFC 10-311] analyzing module RISC_V_block_smartconnect_0_0
INFO: [VRFC 10-2263] Analyzing Verilog file "C:/RISC_V_research/RISC_V/RISC_V.sim/sim_1/behav/xsim/glbl.v" into library xil_defaultlib
INFO: [VRFC 10-311] analyzing module glbl
INFO: [VRFC 10-163] Analyzing VHDL file "C:/RISC_V_research/RISC_V/RISC_V.srcs/sources_1/imports/imports/new/mi_package.vhdl" into library xil_defaultlib
INFO: [VRFC 10-163] Analyzing VHDL file "C:/RISC_V_research/RISC_V/RISC_V.srcs/sources_1/imports/new/RISCV_package.vhdl" into library xil_defaultlib
INFO: [VRFC 10-163] Analyzing VHDL file "C:/RISC_V_research/RISC_V/RISC_V.srcs/sources_1/imports/imports/new/generic_shifter.vhdl" into library xil_defaultlib
INFO: [VRFC 10-3107] analyzing entity 'generic_shifter'
INFO: [VRFC 10-163] Analyzing VHDL file "C:/RISC_V_research/RISC_V/RISC_V.srcs/sources_1/imports/new/ALU.vhdl" into library xil_defaultlib
INFO: [VRFC 10-3107] analyzing entity 'ALU'
INFO: [VRFC 10-163] Analyzing VHDL file "C:/RISC_V_research/RISC_V/RISC_V.srcs/sources_1/imports/imports/packages/generic_FIFO.vhdl" into library xil_defaultlib
INFO: [VRFC 10-3107] analyzing entity 'generic_FIFO'
ERROR: [VRFC 10-9185] multiple conflicting declarations of 'decode' possibly from multiple 'use' clauses [C:/RISC_V_research/RISC_V/RISC_V.srcs/sources_1/imports/imports/packages/generic_FIFO.vhdl:90]
ERROR: [VRFC 10-9458] unit 'behavioral' is ignored due to previous errors [C:/RISC_V_research/RISC_V/RISC_V.srcs/sources_1/imports/imports/packages/generic_FIFO.vhdl:49]
INFO: [VRFC 10-8704] VHDL file 'C:/RISC_V_research/RISC_V/RISC_V.srcs/sources_1/imports/imports/packages/generic_FIFO.vhdl' is ignored due to errors
