Vivado Simulator v2026.1
Copyright 1986-2022 Xilinx, Inc. All Rights Reserved.
Copyright 2022-2026 Advanced Micro Devices, Inc. All Rights Reserved.
Running: C:/AMDDesignTools/2026.1/Vivado/bin/unwrapped/win64.o/xelab.exe --incr --debug typical --relax --mt 2 -L xil_defaultlib -L axi_bram_ctrl_v4_1_14 -L blk_mem_gen_v8_4_13 -L axi_lite_ipif_v3_1_0 -L interrupt_control_v3_2_0 -L axi_gpio_v2_0_38 -L generic_baseblocks_v2_1_2 -L axi_infrastructure_v1_1_0 -L axi_register_slice_v2_1_37 -L fifo_generator_v13_2_15 -L axi_data_fifo_v2_1_37 -L axi_crossbar_v2_1_39 -L proc_sys_reset_v5_0_17 -L axi_protocol_converter_v2_1_38 -L unisims_ver -L unimacro_ver -L secureip -L xpm --snapshot RISC_V_tb_behav xil_defaultlib.RISC_V_tb xil_defaultlib.glbl -log elaborate.log 
INFO: [XSIM 43-3493] Using 2 slave threads.
Starting static elaboration
Pass Through NonSizing Optimizer
WARNING: [VRFC 10-1409] subtype of case expression is not locally static [C:/RISC_V_research/RISC_V/RISC_V.srcs/sources_1/imports/new/Instruction_Decoder.vhdl:54]
WARNING: [VRFC 10-5021] port 'aclk2x' is not connected on this instance [/wrk/ci/prod/2026.1/sw/continuous/3336/output/customer/vivado/data/ip/xilinx/axi_protocol_converter_v2_1/hdl/axi_protocol_converter_v2_1_vl_rfs.v:4855]
WARNING: [VRFC 10-5021] port 'aclk2x' is not connected on this instance [/wrk/ci/prod/2026.1/sw/continuous/3336/output/customer/vivado/data/ip/xilinx/axi_protocol_converter_v2_1/hdl/axi_protocol_converter_v2_1_vl_rfs.v:5110]
WARNING: [VRFC 10-5021] port 'aclk2x' is not connected on this instance [/wrk/ci/prod/2026.1/sw/continuous/3336/output/customer/vivado/data/ip/xilinx/axi_crossbar_v2_1/hdl/axi_crossbar_v2_1_vl_rfs.v:3097]
Completed static elaboration
Starting simulation data flow analysis
Completed simulation data flow analysis
Time Resolution for simulation is 1ps
Compiling package std.standard
Compiling package std.textio
Compiling package ieee.std_logic_1164
Compiling package ieee.numeric_std
Compiling package ieee.math_real
Compiling package xil_defaultlib.riscv_package
Compiling package unisim.vcomponents
Compiling package xil_defaultlib.mi_package
Compiling package ieee.std_logic_arith
Compiling package xpm.vcomponents
Compiling package axi_bram_ctrl_v4_1_14.axi_bram_ctrl_funcs
Compiling package ieee.vital_timing
Compiling package ieee.vital_primitives
Compiling package unisim.vpkg
Compiling package ieee.std_logic_unsigned
Compiling package synopsys.attributes
Compiling package ieee.std_logic_misc
Compiling package axi_lite_ipif_v3_1_0.ipif_pkg
Compiling package vl.vl_types
Compiling module xil_defaultlib.glbl
Compiling architecture behavioral of entity xil_defaultlib.generic_register [\generic_register(bits=32)\]
Compiling architecture behavioral of entity xil_defaultlib.generic_register_file [generic_register_file_default]
Compiling architecture behavioral of entity xil_defaultlib.generic_shifter [\generic_shifter(shamt_bits=5)\]
Compiling architecture behavioral of entity xil_defaultlib.ALU [alu_default]
Compiling architecture behavioral of entity xil_defaultlib.generic_counter [\generic_counter(bits=30)\]
Compiling architecture behavioral of entity xil_defaultlib.btu [btu_default]
Compiling architecture behavioral of entity xil_defaultlib.Datapath [datapath_default]
Compiling architecture behavioral of entity xil_defaultlib.Instruction_Decoder [instruction_decoder_default]
Compiling architecture behavioral of entity xil_defaultlib.Sequencer [sequencer_default]
Compiling architecture behavioral of entity xil_defaultlib.generic_FIFO [\generic_FIFO(bits=64)\]
Compiling architecture implementation of entity xil_defaultlib.Fetch [\Fetch(c_m_axi_addr_width=32)(0,...]
Compiling architecture implementation of entity xil_defaultlib.Load_Store [\Load_Store(c_m_axi_addr_width=3...]
Compiling architecture behavioral of entity xil_defaultlib.RISC_V [risc_v_default]
Compiling architecture risc_v_block_risc_v_0_0_arch of entity xil_defaultlib.RISC_V_block_RISC_V_0_0 [risc_v_block_risc_v_0_0_default]
Compiling architecture implementation of entity axi_bram_ctrl_v4_1_14.sng_port_arb [\sng_port_arb(c_s_axi_addr_width...]
Compiling architecture implementation of entity axi_bram_ctrl_v4_1_14.ua_narrow [\ua_narrow(c_bram_addr_adjust_fa...]
Compiling architecture implementation of entity axi_bram_ctrl_v4_1_14.wrap_brst [\wrap_brst(c_axi_addr_width=15,c...]
Compiling architecture muxcy_v of entity unisim.MUXCY [muxcy_default]
Compiling architecture muxcy_l_v of entity unisim.MUXCY_L [muxcy_l_default]
Compiling architecture xorcy_v of entity unisim.XORCY [xorcy_default]
Compiling architecture srl16e_v of entity unisim.SRL16E [\SRL16E(0,15)\]
Compiling architecture fdre_v of entity unisim.FDRE [fdre_default]
Compiling architecture fdr_v of entity unisim.FDR [fdr_default]
Compiling architecture imp of entity axi_bram_ctrl_v4_1_14.SRL_FIFO [\SRL_FIFO(c_data_bits=2,c_depth=...]
Compiling architecture implementation of entity axi_bram_ctrl_v4_1_14.wr_chnl [\wr_chnl(c_axi_addr_width=15,c_a...]
Compiling architecture implementation of entity axi_bram_ctrl_v4_1_14.rd_chnl [\rd_chnl(c_axi_addr_width=15,c_a...]
Compiling architecture implementation of entity axi_bram_ctrl_v4_1_14.full_axi [\full_axi(c_s_axi_addr_width=15,...]
Compiling architecture implementation of entity axi_bram_ctrl_v4_1_14.axi_bram_ctrl_top [\axi_bram_ctrl_top(c_bram_addr_w...]
Compiling architecture implementation of entity axi_bram_ctrl_v4_1_14.axi_bram_ctrl [\axi_bram_ctrl(c_memory_depth=81...]
Compiling architecture risc_v_block_axi_bram_ctrl_0_0_arch of entity xil_defaultlib.RISC_V_block_axi_bram_ctrl_0_0 [risc_v_block_axi_bram_ctrl_0_0_d...]
Compiling module blk_mem_gen_v8_4_13.BLK_MEM_GEN_v8_4_output_stage(C_...
Compiling module blk_mem_gen_v8_4_13.BLK_MEM_GEN_v8_4_output_stage(C_...
Compiling module blk_mem_gen_v8_4_13.BLK_MEM_GEN_v8_4_softecc_output_...
Compiling module blk_mem_gen_v8_4_13.BLK_MEM_GEN_v8_4_mem_module(C_FA...
Compiling module blk_mem_gen_v8_4_13.blk_mem_gen_v8_4_13(C_FAMILY="ar...
Compiling module xil_defaultlib.RISC_V_block_axi_bram_ctrl_0_bra...
Compiling architecture risc_v_block_axi_bram_ctrl_1_0_arch of entity xil_defaultlib.RISC_V_block_axi_bram_ctrl_1_0 [risc_v_block_axi_bram_ctrl_1_0_d...]
Compiling module blk_mem_gen_v8_4_13.BLK_MEM_GEN_v8_4_mem_module(C_FA...
Compiling module blk_mem_gen_v8_4_13.blk_mem_gen_v8_4_13(C_FAMILY="ar...
Compiling module xil_defaultlib.RISC_V_block_axi_bram_ctrl_1_bra...
Compiling architecture imp of entity axi_lite_ipif_v3_1_0.pselect_f [\pselect_f(c_ab=2,c_aw=2,c_bar="...]
Compiling architecture imp of entity axi_lite_ipif_v3_1_0.pselect_f [\pselect_f(c_ab=2,c_aw=2,c_bar="...]
Compiling architecture imp of entity axi_lite_ipif_v3_1_0.pselect_f [\pselect_f(c_ab=2,c_aw=2,c_bar="...]
Compiling architecture imp of entity axi_lite_ipif_v3_1_0.pselect_f [\pselect_f(c_ab=2,c_aw=2,c_bar="...]
Compiling architecture imp of entity axi_lite_ipif_v3_1_0.address_decoder [\address_decoder(c_bus_awidth=9,...]
Compiling architecture imp of entity axi_lite_ipif_v3_1_0.slave_attachment [\slave_attachment(c_ard_addr_ran...]
Compiling architecture imp of entity axi_lite_ipif_v3_1_0.axi_lite_ipif [\axi_lite_ipif(c_s_axi_addr_widt...]
Compiling module xpm.xpm_cdc_array_single(DEST_SYNC_F...
Compiling architecture imp of entity axi_gpio_v2_0_38.GPIO_Core [\GPIO_Core(c_aw=9,c_gpio_width=1...]
Compiling architecture imp of entity axi_gpio_v2_0_38.axi_gpio [\axi_gpio(c_family="artix7",c_gp...]
Compiling architecture risc_v_block_axi_gpio_0_0_arch of entity xil_defaultlib.RISC_V_block_axi_gpio_0_0 [risc_v_block_axi_gpio_0_0_defaul...]
Compiling architecture imp of entity axi_gpio_v2_0_38.GPIO_Core [\GPIO_Core(c_aw=9,c_gpio_width=1...]
Compiling architecture imp of entity axi_gpio_v2_0_38.axi_gpio [\axi_gpio(c_family="artix7",c_gp...]
Compiling architecture risc_v_block_axi_gpio_1_0_arch of entity xil_defaultlib.RISC_V_block_axi_gpio_1_0 [risc_v_block_axi_gpio_1_0_defaul...]
Compiling architecture structure of entity xil_defaultlib.m00_couplers_imp_1FYWC4H [m00_couplers_imp_1fywc4h_default]
Compiling architecture structure of entity xil_defaultlib.m01_couplers_imp_1BU0OTD [m01_couplers_imp_1bu0otd_default]
Compiling module axi_infrastructure_v1_1_0.axi_infrastructure_v1_1_0_axi2ve...
Compiling module axi_infrastructure_v1_1_0.axi_infrastructure_v1_1_0_vector...
Compiling module axi_register_slice_v2_1_37.axi_register_slice_v2_1_37_axic_...
Compiling module axi_register_slice_v2_1_37.axi_register_slice_v2_1_37_axic_...
Compiling module axi_register_slice_v2_1_37.axi_register_slice_v2_1_37_axic_...
Compiling module axi_register_slice_v2_1_37.axi_register_slice_v2_1_37_axic_...
Compiling module axi_register_slice_v2_1_37.axi_register_slice_v2_1_37_axi_r...
Compiling module axi_protocol_converter_v2_1_38.axi_protocol_converter_v2_1_38_b...
Compiling module axi_protocol_converter_v2_1_38.axi_protocol_converter_v2_1_38_b...
Compiling module axi_protocol_converter_v2_1_38.axi_protocol_converter_v2_1_38_b...
Compiling module axi_protocol_converter_v2_1_38.axi_protocol_converter_v2_1_38_b...
Compiling module axi_protocol_converter_v2_1_38.axi_protocol_converter_v2_1_38_b...
Compiling module axi_protocol_converter_v2_1_38.axi_protocol_converter_v2_1_38_b...
Compiling module axi_protocol_converter_v2_1_38.axi_protocol_converter_v2_1_38_b...
Compiling module axi_protocol_converter_v2_1_38.axi_protocol_converter_v2_1_38_b...
Compiling module axi_protocol_converter_v2_1_38.axi_protocol_converter_v2_1_38_b...
Compiling module axi_protocol_converter_v2_1_38.axi_protocol_converter_v2_1_38_b...
Compiling module axi_protocol_converter_v2_1_38.axi_protocol_converter_v2_1_38_b...
Compiling module axi_protocol_converter_v2_1_38.axi_protocol_converter_v2_1_38_b...
Compiling module axi_protocol_converter_v2_1_38.axi_protocol_converter_v2_1_38_b...
Compiling module axi_infrastructure_v1_1_0.axi_infrastructure_v1_1_0_axi2ve...
Compiling module axi_infrastructure_v1_1_0.axi_infrastructure_v1_1_0_vector...
Compiling module axi_register_slice_v2_1_37.axi_register_slice_v2_1_37_axic_...
Compiling module axi_register_slice_v2_1_37.axi_register_slice_v2_1_37_axic_...
Compiling module axi_register_slice_v2_1_37.axi_register_slice_v2_1_37_axic_...
Compiling module axi_register_slice_v2_1_37.axi_register_slice_v2_1_37_axic_...
Compiling module axi_register_slice_v2_1_37.axi_register_slice_v2_1_37_axi_r...
Compiling module axi_protocol_converter_v2_1_38.axi_protocol_converter_v2_1_38_b...
Compiling module axi_protocol_converter_v2_1_38.axi_protocol_converter_v2_1_38_a...
Compiling module xil_defaultlib.RISC_V_block_axi_interconnect_0_...
Compiling architecture structure of entity xil_defaultlib.m02_couplers_imp_15DHFQ9 [m02_couplers_imp_15dhfq9_default]
Compiling module xil_defaultlib.RISC_V_block_axi_interconnect_0_...
Compiling architecture structure of entity xil_defaultlib.m03_couplers_imp_104MPEP [m03_couplers_imp_104mpep_default]
Compiling architecture structure of entity xil_defaultlib.s00_couplers_imp_1A2ZIK2 [s00_couplers_imp_1a2zik2_default]
Compiling architecture structure of entity xil_defaultlib.s01_couplers_imp_1D6FS6Q [s01_couplers_imp_1d6fs6q_default]
Compiling module generic_baseblocks_v2_1_2.generic_baseblocks_v2_1_2_carry_...
Compiling module generic_baseblocks_v2_1_2.generic_baseblocks_v2_1_2_compar...
Compiling module generic_baseblocks_v2_1_2.generic_baseblocks_v2_1_2_compar...
Compiling module generic_baseblocks_v2_1_2.generic_baseblocks_v2_1_2_compar...
Compiling module generic_baseblocks_v2_1_2.generic_baseblocks_v2_1_2_compar...
Compiling module axi_crossbar_v2_1_39.axi_crossbar_v2_1_39_addr_decode...
Compiling module axi_crossbar_v2_1_39.axi_crossbar_v2_1_39_arbiter_res...
Compiling module unisims_ver.MUXF7
Compiling module generic_baseblocks_v2_1_2.generic_baseblocks_v2_1_2_mux_en...
Compiling module unisims_ver.SRLC32E_default
Compiling module axi_data_fifo_v2_1_37.axi_data_fifo_v2_1_37_ndeep_srl(...
Compiling module axi_data_fifo_v2_1_37.axi_data_fifo_v2_1_37_axic_srl_f...
Compiling module axi_crossbar_v2_1_39.axi_crossbar_v2_1_39_si_transact...
Compiling module axi_crossbar_v2_1_39.axi_crossbar_v2_1_39_si_transact...
Compiling module generic_baseblocks_v2_1_2.generic_baseblocks_v2_1_2_mux_en...
Compiling module axi_crossbar_v2_1_39.axi_crossbar_v2_1_39_si_transact...
Compiling module axi_crossbar_v2_1_39.axi_crossbar_v2_1_39_splitter
Compiling module axi_data_fifo_v2_1_37.axi_data_fifo_v2_1_37_axic_reg_s...
Compiling module axi_crossbar_v2_1_39.axi_crossbar_v2_1_39_wdata_route...
Compiling module axi_crossbar_v2_1_39.axi_crossbar_v2_1_39_addr_decode...
Compiling module axi_crossbar_v2_1_39.axi_crossbar_v2_1_39_addr_decode...
Compiling module axi_data_fifo_v2_1_37.axi_data_fifo_v2_1_37_axic_reg_s...
Compiling module generic_baseblocks_v2_1_2.generic_baseblocks_v2_1_2_mux_en...
Compiling module axi_crossbar_v2_1_39.axi_crossbar_v2_1_39_wdata_mux(C...
Compiling module axi_data_fifo_v2_1_37.axi_data_fifo_v2_1_37_axic_srl_f...
Compiling module axi_infrastructure_v1_1_0.axi_infrastructure_v1_1_0_axi2ve...
Compiling module axi_infrastructure_v1_1_0.axi_infrastructure_v1_1_0_vector...
Compiling module axi_register_slice_v2_1_37.axi_register_slice_v2_1_37_axic_...
Compiling module axi_register_slice_v2_1_37.axi_register_slice_v2_1_37_axic_...
Compiling module axi_register_slice_v2_1_37.axi_register_slice_v2_1_37_axic_...
Compiling module axi_register_slice_v2_1_37.axi_register_slice_v2_1_37_axic_...
Compiling module axi_register_slice_v2_1_37.axi_register_slice_v2_1_37_axi_r...
Compiling module axi_data_fifo_v2_1_37.axi_data_fifo_v2_1_37_axic_reg_s...
Compiling module axi_crossbar_v2_1_39.axi_crossbar_v2_1_39_wdata_mux(C...
Compiling module axi_data_fifo_v2_1_37.axi_data_fifo_v2_1_37_axic_srl_f...
Compiling module generic_baseblocks_v2_1_2.generic_baseblocks_v2_1_2_mux_en...
Compiling module generic_baseblocks_v2_1_2.generic_baseblocks_v2_1_2_mux_en...
Compiling module axi_crossbar_v2_1_39.axi_crossbar_v2_1_39_addr_arbite...
Compiling module axi_crossbar_v2_1_39.axi_crossbar_v2_1_39_decerr_slav...
Compiling module axi_crossbar_v2_1_39.axi_crossbar_v2_1_39_crossbar(C_...
Compiling module axi_crossbar_v2_1_39.axi_crossbar_v2_1_39_axi_crossba...
Compiling module xil_defaultlib.RISC_V_block_axi_interconnect_0_...
Compiling architecture structure of entity xil_defaultlib.RISC_V_block_axi_interconnect_0_0 [risc_v_block_axi_interconnect_0_...]
Compiling module unisims_ver.IBUF
Compiling module unisims_ver.MMCME2_ADV(CLKFBOUT_MULT_F=49.87...
Compiling module unisims_ver.BUFG
Compiling module xil_defaultlib.RISC_V_block_clk_wiz_0_0_clk_wiz
Compiling module xil_defaultlib.RISC_V_block_clk_wiz_0_0
Compiling architecture fdre_v of entity unisim.FDRE [\FDRE(init='1')\]
Compiling module xpm.xpm_cdc_single(DEST_SYNC_FF=4,IN...
Compiling architecture srl16e_v of entity unisim.SRL16E [\SRL16E(init="1111111111111111")...]
Compiling architecture srl16_v of entity unisim.SRL16 [\SRL16(init="1111111111111111")(...]
Compiling architecture imp of entity proc_sys_reset_v5_0_17.lpf [\lpf(c_ext_rst_width=4,c_aux_rst...]
Compiling architecture imp of entity proc_sys_reset_v5_0_17.upcnt_n [\upcnt_n(c_size=6)\]
Compiling architecture imp of entity proc_sys_reset_v5_0_17.sequence_psr [sequence_psr_default]
Compiling architecture imp of entity proc_sys_reset_v5_0_17.proc_sys_reset [\proc_sys_reset(c_family="artix7...]
Compiling architecture risc_v_block_proc_sys_reset_0_0_arch of entity xil_defaultlib.RISC_V_block_proc_sys_reset_0_0 [risc_v_block_proc_sys_reset_0_0_...]
Compiling architecture structure of entity xil_defaultlib.RISC_V_block [risc_v_block_default]
Compiling architecture structure of entity xil_defaultlib.RISC_V_block_wrapper [risc_v_block_wrapper_default]
Compiling architecture behavioral of entity xil_defaultlib.risc_v_tb
Built simulation snapshot RISC_V_tb_behav
